// Jest Snapshot v1, https://goo.gl/fbAQLP

exports[`User component renders correctly 1`] = `
<div
  className="main-container"
>
  <div>
    <div
      className="myTable"
    >
      <h3 />
    </div>
    <div
      className="my-profile-tables"
    >
      <div
        className="myTables"
      >
        <table
          className="table table-striped table-bordered table-hover"
        >
          <thead>
            <th>
              Missions (
              0
              )
            </th>
          </thead>
          <tbody />
        </table>
      </div>
      <div
        className="myTables"
      >
        <table
          className="table table-striped table-bordered table-hover"
        >
          <thead>
            <th>
              My Rockets (
              0
              )
            </th>
          </thead>
          <tbody />
        </table>
      </div>
    </div>
  </div>
</div>
`;
